# 08.02.01.18 DISTINCT Optimization

<font color="grey">DISTINCT combined with ORDER BY needs a temporary table in many cases.</font>

<font color="grey">Because DISTINCT may use GROUP BY, learn how MySQL works with columns in ORDER BY or HAVING clauses that are not part of the selected columns. See [Section 12.20.3, “MySQL Handling of GROUP BY”](https://dev.mysql.com/doc/refman/8.0/en/group-by-handling.html).</font>

<font color="grey">In most cases, a DISTINCT clause can be considered as a special case of GROUP BY. For example, the following two queries are equivalent:</font>

在大多数情况下，DISTINCT 与 ORDER BY 组合使用都需要一个临时表。【？？？】

因为 DISTINCT 可能会使用 GROUP BY ，学习 MySQL 如何处理 ORDER BY 列，或者不属于选择列一部分的 HAVING 子句。【？？？】

**在大多数情况下，DISTINCT 子句被认为是 GROUP BY 的一种特例**。例如，下面两个查询是等价的：

```sql
SELECT DISTINCT c1, c2, c3 FROM t1
WHERE c1 > const;

SELECT c1, c2, c3 FROM t1
WHERE c1 > const GROUP BY c1, c2, c3;
```

由于这种等价性，适用于 GROUP BY 查询的优化也可以应用于具有 DISTINCT 子句的查询。

<font color="grey">Due to this equivalence, the optimizations applicable to GROUP BY queries can be also applied to queries with a DISTINCT clause. Thus, for more details on the optimization possibilities for DISTINCT queries, see [Section 8.2.1.17, “GROUP BY Optimization”](https://dev.mysql.com/doc/refman/8.0/en/group-by-optimization.html).</font>

<font color="grey">When combining LIMIT row_count with DISTINCT, MySQL stops as soon as it finds row_count unique rows.</font>

<font color="grey">If you do not use columns from all tables named in a query, MySQL stops scanning any unused tables as soon as it finds the first match. In the following case, assuming that t1 is used before t2 (which you can check with EXPLAIN), MySQL stops reading from t2 (for any particular row in t1) when it finds the first row in t2:</font>

当 DISTINCT 和 LIMIT row_count 一起使用时，MySQL 一旦发现了 row_count 个唯一行，就会停止。

如果在查询中不使用所有 表命名的列，MySQL 一旦找到第一个匹配项，就会停止扫描任何未使用的表。

在下面的例子中，假设 t1 在 t2 之前使用(可以通过 EXPLAIN 检查)，MySQL 在找到 t2 的第一行时，就会停止从 t2 读取(对于 t1 中的任何特定行): 【？？？？】

```sql
SELECT DISTINCT t1.a FROM t1, t2 where t1.a=t2.a;
```

------------------------------------------------------------------------

```sql
mysql> select * from dept_emp_bk;
+--------+---------+------------+------------+
| emp_no | dept_no | from_date  | to_date    |
+--------+---------+------------+------------+
|  10001 | d001    | 1986-06-26 | 9999-01-01 |
|  10002 | d001    | 1996-08-03 | 9999-01-01 |
|  10003 | d004    | 1995-12-03 | 9999-01-01 |
|  10004 | d004    | 1986-12-01 | 9999-01-01 |
|  10005 | d003    | 1989-09-12 | 9999-01-01 |
|  10006 | d002    | 1990-08-05 | 9999-01-01 |
|  10007 | d005    | 1989-02-10 | 9999-01-01 |
|  10008 | d005    | 1998-03-11 | 2000-07-31 |
|  10009 | d006    | 1985-02-18 | 9999-01-01 |
|  10010 | d005    | 1996-11-24 | 2000-06-26 |
|  10010 | d006    | 2000-06-26 | 9999-01-01 |
|  10011 | d005    | 1997-11-12 | 9999-01-01 |
|  10012 | d005    | 1989-12-11 | 9999-01-01 |
|  10013 | d005    | 1989-12-11 | 9999-01-01 |
+--------+---------+------------+------------+
14 rows in set (0.00 sec)

-- 在大多数情况下，DISTINCT 子句被认为是 GROUP BY 的一种特例
mysql> select dept_no from dept_emp_bk group by dept_no; 
+---------+
| dept_no |
+---------+
| d001    |
| d004    |
| d003    |
| d002    |
| d005    |
| d006    |
+---------+
6 rows in set (0.00 sec)

mysql> select distinct dept_no from dept_emp_bk;
+---------+
| dept_no |
+---------+
| d001    |
| d004    |
| d003    |
| d002    |
| d005    |
| d006    |
+---------+
6 rows in set (0.00 sec)

mysql> select distinct emp_no,dept_no from dept_emp_bk where emp_no>=10007;
+--------+---------+
| emp_no | dept_no |
+--------+---------+
|  10007 | d005    |
|  10008 | d005    |
|  10009 | d006    |
|  10010 | d005    |
|  10010 | d006    |
|  10011 | d005    |
|  10012 | d005    |
|  10013 | d005    |
+--------+---------+
8 rows in set (0.00 sec)

mysql> select emp_no,dept_no from dept_emp_bk where emp_no>=10007 group by emp_no,dept_no;
+--------+---------+
| emp_no | dept_no |
+--------+---------+
|  10007 | d005    |
|  10008 | d005    |
|  10009 | d006    |
|  10010 | d005    |
|  10010 | d006    |
|  10011 | d005    |
|  10012 | d005    |
|  10013 | d005    |
+--------+---------+
8 rows in set (0.00 sec)

mysql> select DISTINCT dept_no from dept_emp_bk;   
+---------+
| dept_no |
+---------+
| d001    |
| d004    |
| d003    |
| d002    |
| d005    |
| d006    |
+---------+
6 rows in set (0.00 sec)

-- 当 DISTINCT 和 LIMIT row_count 一起使用时，MySQL 一旦发现了 row_count 个唯一行，就会停止。
mysql> select DISTINCT dept_no from dept_emp_bk limit 3;
+---------+
| dept_no |
+---------+
| d001    |
| d004    |
| d003    |
+---------+
3 rows in set (0.00 sec)

-- DISTINCT 必须放在第一列名前面
mysql> select dept_no,distinct year(from_date) from dept_emp_bk;         
ERROR 1064 (42000): You have an error in your SQL syntax; check the manual that corresponds to your MySQL server version for the right syntax to use near 'distinct year(from_date) from dept_emp_bk' at line 1

-- distinct 多列：对select后面的所有列的拼接取 不重复的记录
mysql> select dept_no,year(from_date) from dept_emp_bk;         
+---------+-----------------+
| dept_no | year(from_date) |
+---------+-----------------+
| d001    |            1986 |
| d001    |            1996 |
| d004    |            1995 |
| d004    |            1986 |
| d003    |            1989 |
| d002    |            1990 |
| d005    |            1989 |
| d005    |            1998 |
| d006    |            1985 |
| d005    |            1996 |
| d006    |            2000 |
| d005    |            1997 |
| d005    |            1989 |
| d005    |            1989 |
+---------+-----------------+
14 rows in set (0.00 sec)

mysql> select distinct dept_no,year(from_date) from dept_emp_bk;
+---------+-----------------+
| dept_no | year(from_date) |
+---------+-----------------+
| d001    |            1986 |
| d001    |            1996 |
| d004    |            1995 |
| d004    |            1986 |
| d003    |            1989 |
| d002    |            1990 |
| d005    |            1989 |
| d005    |            1998 |
| d006    |            1985 |
| d005    |            1996 |
| d006    |            2000 |
| d005    |            1997 |
+---------+-----------------+
12 rows in set (0.00 sec)

-- 和聚合函数一起使用
mysql> select year(from_date) year,count(distinct dept_no) dp_counts from dept_emp_bk group by year order by year;
+------+-----------+
| year | dp_counts |
+------+-----------+
| 1985 |         1 |
| 1986 |         2 |
| 1989 |         2 |
| 1990 |         1 |
| 1995 |         1 |
| 1996 |         2 |
| 1997 |         1 |
| 1998 |         1 |
| 2000 |         1 |
+------+-----------+
9 rows in set (0.01 sec)
```