# 09.04 User-Defined Variables

[TOC]

> You can store a value in a user-defined variable in one statement and refer to it later in another statement. This enables you to pass values from one statement to another.

你可以**在一条语句中，将一个值存储到一个用户定义的变量中，在其他语句中引用它**。这就使你可以在语句间传递值。

> User variables are written as @var_name, where the variable name var_name consists of alphanumeric characters, `.`,`_`, and `$`. A user variable name can contain other characters if you quote it as a string or identifier (for example, @'my-var', @"my-var", or @`my-var`).

**用户变量写成 `@var_name` 形式，变量名称 var_name 由字母、数字、`.`、`_`和`$`组成。如果你作为一个字符串或标识符引用它，一个用户变量名可以包含其他字符。(如 @'my-var'、@"my-var"、@`my-var`)**

> User-defined variables are session specific. A user variable defined by one client cannot be seen or used by other clients. (Exception: A user with access to the Performance Schema [user_variables_by_thread](https://dev.mysql.com/doc/refman/8.0/en/performance-schema-user-variable-tables.html) table can see all user variables for all sessions.) All variables for a given client session are automatically freed when that client exits.

用户定义的变量是特定于会话的。**一个客户端定义的用户变量，其他客户端是看不到或不能使用的**(能访问user_variables_by_thread表的用户可以看到所有会话的所有用户变量)。对于一个给定客户端的所有变量在客户端退出时，会自动释放。

> User variable names are not case-sensitive. Names have a maximum length of 64 characters.

**用户变量名称不是大小写敏感的。名称长度的最大值是64个字符**。

> One way to set a user-defined variable is by issuing a [SET](https://dev.mysql.com/doc/refman/8.0/en/set-variable.html) statement:

定义一个用户变量的一个方式是**使用 `SET` 语句：**

```sql
SET @var_name = expr [, @var_name = expr] ...
```

> For SET, either = or [:=](https://dev.mysql.com/doc/refman/8.0/en/assignment-operators.html#operator_assign-value) can be used as the assignment operator.

对`SET`，要么使用 `=`，要么使用 `:=`，作为赋值运算符。

> User variables can be assigned a value from a limited set of data types: integer, decimal, floating-point, binary or nonbinary string, or NULL value. Assignment of decimal and real values does not preserve the precision or scale of the value. A value of a type other than one of the permissible types is converted to a permissible type. For example, a value having a temporal or spatial data type is converted to a binary string. A value having the [JSON](https://dev.mysql.com/doc/refman/8.0/en/json.html) data type is converted to a string with a character set of utf8mb4 and a collation of utf8mb4_bin.

**用户变量可以从一组有限的数据类型中分配一个值:integer, decimal, floating-point, binary or nonbinary string, NULL value。**

**对 decimal 和实值的赋值不会保留值的精度或数值范围(小数位数)**。

**将允许类型以外的类型的值转换为允许类型**。例如，具有时间或空间数据类型的值被转换为二进制字符串。JSON 数据类型的值被转换为一个字符串，其字符集为 utf8mb4，排序规则为 utf8mb4_bin。

> If a user variable is assigned a nonbinary (character) string value, it has the same character set and collation as the string. The coercibility of user variables is implicit. (This is the same coercibility as for table column values.)

**如果为用户变量分配了一个非二进制(字符)字符串值，则该变量具有与字符串相同的字符集和排序规则**。

用户变量的强制性是隐式的。(这与表列值具有相同的强制性。)

> Hexadecimal or bit values assigned to user variables are treated as binary strings. To assign a hexadecimal or bit value as a number to a user variable, use it in numeric context. For example, add 0 or use [CAST(... AS UNSIGNED)](https://dev.mysql.com/doc/refman/8.0/en/cast-functions.html#function_cast):

**分配给用户变量的十六进制或位值被视为二进制字符串。若要将十六进制或位值作为数值分配给用户变量，请在数值上下文中使用它。例如，`add 0` 或 `use CAST(... AS UNSIGNED)`**:

```sql
mysql> SET @v1 = X'41';
mysql> SET @v2 = X'41'+0;
mysql> SET @v3 = CAST(X'41' AS UNSIGNED);
mysql> SELECT @v1, @v2, @v3;
+------+------+------+
| @v1  | @v2  | @v3  |
+------+------+------+
| A    |   65 |   65 |
+------+------+------+
mysql> SET @v1 = b'1000001';
mysql> SET @v2 = b'1000001'+0;
mysql> SET @v3 = CAST(b'1000001' AS UNSIGNED);
mysql> SELECT @v1, @v2, @v3;
+------+------+------+
| @v1  | @v2  | @v3  |
+------+------+------+
| A    |   65 |   65 |
+------+------+------+
```

> If the value of a user variable is selected in a result set, it is returned to the client as a string.

如果在结果集中选择了用户变量的值，则将其作为字符串返回给客户端。

> If you refer to a variable that has not been initialized, it has a value of NULL and a type of string.

如果你引用一个尚未初始化的变量，那么它的值为 NULL，类型为 string。

> Beginning with MySQL 8.0.22, a reference to a user variable in a prepared statement has its type determined when the statement is first prepared, and retains this type each time the statement is executed thereafter. Similarly, the type of a user variable employed in a statement within a stored procedure is determined the first time the stored procedure is invoked, and retains this type with each subsequent invocation.

**从 MySQL 8.0.22 开始，在准备语句中，对用户变量的引用在语句第一次准备时，就确定了它的类型，并且在以后每次执行语句时都保留这个类型**。

类似地，**存储过程中的语句使用的用户变量的类型是在第一次调用存储过程时确定的，并在每次后续调用时保留该类型**。

> User variables may be used in most contexts where expressions are permitted. This does not currently include contexts that explicitly require a literal value, such as in the LIMIT clause of a SELECT statement, or the IGNORE N LINES clause of a [LOAD DATA](https://dev.mysql.com/doc/refman/8.0/en/load-data.html) statement.

用户变量可以在大多数允许表达式的上下文中使用。这目前还**不包括显式需要文字值的上下文，例如 SELECT 语句的 LIMIT 子句或 LOAD DATA 语句的 IGNORE N LINES 子句**。

> Previous releases of MySQL made it possible to assign a value to a user variable in statements other than SET. This functionality is supported in MySQL 8.0 for backward compatibility but is subject to removal in a future release of MySQL.

以前版本的 MySQL 允许在不是 SET 语句中给用户变量赋值。这个功能在 MySQL 8.0 中被支持，是为了向后兼容，但是在以后的版本中可能会被删除。

> When making an assignment in this way, you must use := as the assignment operator; = is treated as the comparison operator in statements other than SET.

以这种方式赋值时，必须使用 `:=` 作为赋值操作符；`=` 在 SET 之外的语句中被当作比较运算符处理。

> The order of evaluation for expressions involving user variables is undefined. For example, there is no guarantee that SELECT @a, @a:=@a+1 evaluates @a first and then performs the assignment.

**涉及用户变量的表达式的求值顺序是未定义的。例如，不能保证 `SELECT @a，@a:=@a+1`首先计算 `@a`，然后执行赋值**。

> In addition, the default result type of a variable is based on its type at the beginning of the statement. This may have unintended effects if a variable holds a value of one type at the beginning of a statement in which it is also assigned a new value of a different type.

此外，**变量的默认结果类型是基于它在语句开头的类型**。如果一个变量在语句的开头保存了一种类型的值，而在语句中又为它分配了另一种类型的新值，那么这可能会产生不是想要的效果。

> To avoid problems with this behavior, either do not assign a value to and read the value of the same variable within a single statement, or else set the variable to 0, 0.0, or '' to define its type before you use it.

要避免这种行为的问题，**要么不要在一条语句中为同一个变量赋值并读取它的值，要么在使用它之前，将该变量设置为0，0.0，或者 '' 来定义它的类型**。

> HAVING, GROUP BY, and ORDER BY, when referring to a variable that is assigned a value in the select expression list do not work as expected because the expression is evaluated on the client and thus can use stale column values from a previous row.

在引用一个在 select 表达式列表中分配值的变量时，使用 `HAVING`、`GROUP BY` 和 `ORDER BY` 不能像预期的那样工作，因为表达式是在客户端上计算的，所以可以使用前一行的旧的列值。

> User variables are intended to provide data values. They cannot be used directly in an SQL statement as an identifier or as part of an identifier, such as in contexts where a table or database name is expected, or as a reserved word such as SELECT. This is true even if the variable is quoted, as shown in the following example:

**用户变量用于提供数据值。它们不能直接在 SQL 语句中用作标识符或标识符的一部分**，比如，在需要表或数据库名称的上下文中，或者用作像 SELECT 样的保留字。这是正确的，即使变量被引用，如下面的例子所示:

```sql
mysql> SELECT c1 FROM t;
+----+
| c1 |
+----+
|  0 |
+----+
|  1 |
+----+
2 rows in set (0.00 sec)

mysql> SET @col = "c1";
Query OK, 0 rows affected (0.00 sec)

mysql> SELECT @col FROM t;
+------+
| @col |
+------+
| c1   |
+------+
1 row in set (0.00 sec)

mysql> SELECT `@col` FROM t;
ERROR 1054 (42S22): Unknown column '@col' in 'field list'

mysql> SET @col = "`c1`";
Query OK, 0 rows affected (0.00 sec)

mysql> SELECT @col FROM t;
+------+
| @col |
+------+
| `c1` |
+------+
1 row in set (0.00 sec)
```

> An exception to this principle that user variables cannot be used to provide identifiers, is when you are constructing a string for use as a prepared statement to execute later. In this case, user variables can be used to provide any part of the statement. The following example illustrates how this can be done:

用户变量不能用于提供标识符的一个例外是，**当你构造一个字符串用作一个准备语句，稍后执行时**。在这种情况下，用户变量可以用于提供语句的任何部分。下面的例子说明了如何做到这一点:

```sql
mysql> SET @c = "c1";
Query OK, 0 rows affected (0.00 sec)

mysql> SET @s = CONCAT("SELECT ", @c, " FROM t");
Query OK, 0 rows affected (0.00 sec)

mysql> PREPARE stmt FROM @s;
Query OK, 0 rows affected (0.04 sec)
Statement prepared

mysql> EXECUTE stmt;
+----+
| c1 |
+----+
|  0 |
+----+
|  1 |
+----+
2 rows in set (0.00 sec)

mysql> DEALLOCATE PREPARE stmt;
Query OK, 0 rows affected (0.00 sec)
```

> See [Section 13.5, “Prepared Statements”](https://dev.mysql.com/doc/refman/8.0/en/sql-prepared-statements.html), for more information.

> A similar technique can be used in application programs to construct SQL statements using program variables, as shown here using PHP 5:

在应用程序中可以使用类似的技术，来**使用程序变量构造 SQL 语句**，如下使用 PHP 5 所示，:

```php
<?php
  $mysqli = new mysqli("localhost", "user", "pass", "test");

  if( mysqli_connect_errno() )
    die("Connection failed: %s\n", mysqli_connect_error());

  $col = "c1";

  $query = "SELECT $col FROM t";

  $result = $mysqli->query($query);

  while($row = $result->fetch_assoc())
  {
    echo "<p>" . $row["$col"] . "</p>\n";
  }

  $result->close();

  $mysqli->close();
?>
```

> Assembling an SQL statement in this fashion is sometimes known as “Dynamic SQL”.

以这种组装 SQL 语句的方式，有时称为 动态SQL。