# 13.02.13 UPDATE Statement

> UPDATE is a DML statement that modifies rows in a table.

UPDATE 是一个 DML 语句，可以修改表中的行。

> An UPDATE statement can start with a WITH clause to define common table expressions accessible within the UPDATE. See [Section 13.2.15, “WITH (Common Table Expressions)”](https://dev.mysql.com/doc/refman/8.0/en/with.html).

一个 UPDATE 语句可以使用 WITH 子句开头，以定义在 UPDATE 中可访问的 CTE.

Single-table syntax:

```sql
UPDATE [LOW_PRIORITY] [IGNORE] table_reference
    SET assignment_list
    [WHERE where_condition]
    [ORDER BY ...]
    [LIMIT row_count]

value:
    {expr | DEFAULT}

assignment:
    col_name = value

assignment_list:
    assignment [, assignment] ...
```

Multiple-table syntax:

```sql
UPDATE [LOW_PRIORITY] [IGNORE] table_references  -- 这里加了 `s`
    SET assignment_list
    [WHERE where_condition]
```

> For the single-table syntax, the UPDATE statement updates columns of existing rows in the named table with new values. The SET clause indicates which columns to modify and the values they should be given. Each value can be given as an expression, or the keyword DEFAULT to set a column explicitly to its default value. The WHERE clause, if given, specifies the conditions that identify which rows to update. With no WHERE clause, all rows are updated. If the ORDER BY clause is specified, the rows are updated in the order that is specified. The LIMIT clause places a limit on the number of rows that can be updated.

对于单表语法，UPDATE 语句使用新值更新指定表中现有行的列。

SET 子句表示要修改哪些列以及应该给出的值。每个值可以作为表达式给出，或者通过关键字 DEFAULT 显式地将列设置为其默认值。

如果给定了 WHERE 子句，则指定标识行更新的条件。如果没有 WHERE 子句，将更新所有行。

**如果指定了 ORDER BY 子句，则将按照指定的顺序更新行**。

**LIMIT 子句限制可以更新的行数**。

> For the multiple-table syntax, UPDATE updates rows in each table named in table_references that satisfy the conditions. Each matching row is updated once, even if it matches the conditions multiple times. For multiple-table syntax, ORDER BY and LIMIT cannot be used.

对于多表语法，UPDATE 更新 table_references 中命名的每个表中满足条件的行。

**每个匹配行仅更新一次，即使它多次匹配条件**。

**对于多表语法，不能使用 ORDER BY 和 LIMIT**。

> For partitioned tables, both the single-single and multiple-table forms of this statement support the use of a PARTITION option as part of a table reference. This option takes a list of one or more partitions or subpartitions (or both). Only the partitions (or subpartitions) listed are checked for matches, and a row that is not in any of these partitions or subpartitions is not updated, whether it satisfies the where_condition or not.

对于分区表，**该语句的单表和多表形式都支持在表引用部分使用 PARTITION 选项**。

该选项**接受一个或多个分区或子分区(或两者)的列表。只检查列出的分区(或子分区)是否匹配**，不属于这些分区或子分区的行不更新，无论它是否满足 where_condition。

> Note：Unlike the case when using PARTITION with an INSERT or REPLACE statement, an otherwise valid UPDATE ... PARTITION statement is considered successful even if no rows in the listed partitions (or subpartitions) match the where_condition.

注意：与 INSERT 或 REPLACE 语句使用分区不同的是，一个有效的 `UPDATE ... PARTITION` 语句， 即使列出的分区(或子分区)中没有行能匹配 where_condition，也被认为是成功的。

> For more information and examples, see [Section 24.5, “Partition Selection”](https://dev.mysql.com/doc/refman/8.0/en/partitioning-selection.html).

有关更多信息和示例，请参见 24.5 节“分区选择”。

> where_condition is an expression that evaluates to true for each row to be updated. For expression syntax, see [Section 9.5, “Expressions”](https://dev.mysql.com/doc/refman/8.0/en/expressions.html).

where_condition 是一个表达式，对于要更新的每一行，它的计算结果都是 true。

> table_references and where_condition are specified as described in [Section 13.2.10, “SELECT Statement”](https://dev.mysql.com/doc/refman/8.0/en/select.html).

table_references 和 where_condition 按照 13.2.10 节“SELECT语句”中描述的方式指定。

> You need the UPDATE privilege only for columns referenced in an UPDATE that are actually updated. You need only the SELECT privilege for any columns that are read but not modified.

**只需要对实际更新的 UPDATE 中引用的列有 UPDATE 权限**。对于读取但不修改的任何列，只需要 SELECT 权限。

> The UPDATE statement supports the following modifiers:

UPDATE 语句支持以下修饰符:

> With the LOW_PRIORITY modifier, execution of the UPDATE is delayed until no other clients are reading from the table. This affects only storage engines that use only table-level locking (such as MyISAM, MEMORY, and MERGE).

- **使用 LOW_PRIORITY 修饰符，UPDATE 的执行将被延迟到没有其他客户端从表中读取数据**。这只影响使用表级锁定的存储引擎(如 MyISAM、MEMORY 和 MERGE)。

> With the IGNORE modifier, the update statement does not abort even if errors occur during the update. Rows for which duplicate-key conflicts occur on a unique key value are not updated. Rows updated to values that would cause data conversion errors are updated to the closest valid values instead. For more information, see [The Effect of IGNORE on Statement Execution](https://dev.mysql.com/doc/refman/8.0/en/sql-mode.html#ignore-effect-on-execution).

- **使用 IGNORE 修饰符，即使在更新过程中出现错误，update 语句也不会中止**。对于在唯一键值上出现重复键冲突的行，不会更新。将更新为可能导致数据转换错误的值的行更新为最近的有效值。

> UPDATE IGNORE statements, including those having an ORDER BY clause, are flagged as unsafe for statement-based replication. (This is because the order in which the rows are updated determines which rows are ignored.) Such statements produce a warning in the error log when using statement-based mode and are written to the binary log using the row-based format when using MIXED mode. (Bug #11758262, Bug #50439) See [Section 17.2.1.3, “Determination of Safe and Unsafe Statements in Binary Logging”](https://dev.mysql.com/doc/refman/8.0/en/replication-rbr-safe-unsafe.html), for more information.

对于基于语句的复制，UPDATE IGNORE 语句(包括带有 ORDER BY 子句的语句)被标记为不安全的。(这是因为更新行的顺序决定了哪些行被忽略。)

当使用基于语句的模式时，这些语句会在错误日志中产生警告，当使用混合模式时，这些语句会使用基于行的格式写入二进制日志。

> If you access a column from the table to be updated in an expression, UPDATE uses the current value of the column. For example, the following statement sets col1 to one more than its current value:

如果在表达式中访问要更新的表中的列，UPDATE 将使用该列的当前值。例如，下面的语句将 col1 设置为比当前值大 1:

```sql
UPDATE t1 SET col1 = col1 + 1;
```

> The second assignment in the following statement sets col2 to the current (updated) col1 value, not the original col1 value. The result is that col1 and col2 have the same value. This behavior differs from standard SQL.

下面语句中的第二个赋值将 col2 设置为当前(更新后的)col1 值，而不是原始的 col1 值。结果是 col1 和 col2 具有相同的值。这种行为不同于标准 SQL。

```sql
UPDATE t1 SET col1 = col1 + 1, col2 = col1;
```

> Single-table UPDATE assignments are generally evaluated from left to right. For multiple-table updates, there is no guarantee that assignments are carried out in any particular order.

**单表更新任务通常从左到右进行计算。对于多表更新，不能保证以任何特定的顺序执行赋值**。

> If you set a column to the value it currently has, MySQL notices this and does not update it.

如果将列设置为当前值，MySQL 会注意到这一点，不会更新它。

> If you update a column that has been declared NOT NULL by setting to NULL, an error occurs if strict SQL mode is enabled; otherwise, the column is set to the implicit default value for the column data type and the warning count is incremented. The implicit default value is 0 for numeric types, the empty string ('') for string types, and the “zero” value for date and time types. See [Section 11.6, “Data Type Default Values”](https://dev.mysql.com/doc/refman/8.0/en/data-type-defaults.html).

如果你将一个已经声明为 NOT NULL 的列设置为 NULL，如果启用了严格 SQL 模式，就会发生错误；

否则，该列将被设置为列数据类型的隐式默认值，并增加警告计数。对于数字类型，隐式默认值为 0，对于字符串类型，是空字符串(‘’)，对于日期和时间类型，是 “0” 值。

> If a generated column is updated explicitly, the only permitted value is DEFAULT. For information about generated columns, see [Section 13.1.20.8, “CREATE TABLE and Generated Columns”](https://dev.mysql.com/doc/refman/8.0/en/create-table-generated-columns.html).

如果显式更新生成的列，则唯一允许的值是 DEFAULT。

> UPDATE returns the number of rows that were actually changed. The [mysql_info()](https://dev.mysql.com/doc/c-api/8.0/en/mysql-info.html) C API function returns the number of rows that were matched and updated and the number of warnings that occurred during the UPDATE.

UPDATE 返回实际修改的行数。

mysql_info() C API 函数返回匹配和更新的行数以及更新期间发生的警告数。

> You can use LIMIT row_count to restrict the scope of the UPDATE. A LIMIT clause is a rows-matched restriction. The statement stops as soon as it has found row_count rows that satisfy the WHERE clause, whether or not they actually were changed.

可以使用 `LIMIT row_count` 来限制 UPDATE 的范围。LIMIT 子句是行匹配的限制。一旦找到满足 WHERE 子句的 row_count 行，语句就会停止，不管这些行实际上是否被更改。

> If an UPDATE statement includes an ORDER BY clause, the rows are updated in the order specified by the clause. This can be useful in certain situations that might otherwise result in an error. Suppose that a table t contains a column id that has a unique index. The following statement could fail with a duplicate-key error, depending on the order in which rows are updated:

如果 UPDATE 语句包含 ORDER BY 子句，则按照子句指定的顺序更新行。这在某些可能导致错误的情况下是有用的。

假设一个表 t 包含一个具有唯一索引的列 id。以下语句可能会因重复键错误而失败，这取决于行更新的顺序:

	UPDATE t SET id = id + 1;

> For example, if the table contains 1 and 2 in the id column and 1 is updated to 2 before 2 is updated to 3, an error occurs. To avoid this problem, add an ORDER BY clause to cause the rows with larger id values to be updated before those with smaller values:

例如，如果表的 id 列中包含 1 和 2，并且在将 2 更新为 3 之前，将 1 更新为 2，那么就会发生错误。

为了避免这个问题，添加一个 ORDER BY 子句，使 id 值较大的行在 id 值较小的行之前更新:

	UPDATE t SET id = id + 1 ORDER BY id DESC;

> You can also perform UPDATE operations covering multiple tables. However, you cannot use ORDER BY or LIMIT with a multiple-table UPDATE. The table_references clause lists the tables involved in the join. Its syntax is described in [Section 13.2.10.2, “JOIN Clause”](https://dev.mysql.com/doc/refman/8.0/en/join.html). Here is an example:

还可以执行覆盖多个表的 UPDATE 操作。但是，**不能对多表更新使用 ORDER BY 或 LIMIT**。

table_references 子句列出了连接中涉及的表。下面是一个例子:

```sql
UPDATE items,month SET items.price=month.price
WHERE items.id=month.id;
```

> The preceding example shows an inner join that uses the comma operator, but multiple-table UPDATE statements can use any type of join permitted in SELECT statements, such as LEFT JOIN.

前面的示例展示了一个使用逗号操作符的内部连接，但**多表 UPDATE 语句可以使用 SELECT 语句中允许的任何类型的连接，比如左连接**。

> If you use a multiple-table UPDATE statement involving InnoDB tables for which there are foreign key constraints, the MySQL optimizer might process tables in an order that differs from that of their parent/child relationship. In this case, the statement fails and rolls back. Instead, update a single table and rely on the ON UPDATE capabilities that InnoDB provides to cause the other tables to be modified accordingly. See [Section 13.1.20.5, “FOREIGN KEY Constraints”](https://dev.mysql.com/doc/refman/8.0/en/create-table-foreign-keys.html).

如果使用包含有外键约束的 InnoDB 表的多表 UPDATE 语句，MySQL 优化器可能会以不同于它们的父/子关系的顺序处理表。在这种情况下，语句失败并回滚。

相反，更新单个表，并依赖于 InnoDB 提供的 ON UPDATE 功能，从而导致其他表被相应地修改。

> You cannot update a table and select directly from the same table in a subquery. You can work around this by using a multi-table update in which one of the tables is derived from the table that you actually wish to update, and referring to the derived table using an alias. Suppose you wish to update a table named items which is defined using the statement shown here:

**不能在子查询中更新表，并直接从同一表中进行选择**。

可以**通过使用多表更新来解决这个问题**，其中一个表是从你实际希望更新的表派生出来的，并使用别名引用派生的表。

假设你想更新一个名为 items 的表，它是用如下语句定义的:

```sql
CREATE TABLE items (
    id BIGINT NOT NULL AUTO_INCREMENT PRIMARY KEY,
    wholesale DECIMAL(6,2) NOT NULL DEFAULT 0.00,
    retail DECIMAL(6,2) NOT NULL DEFAULT 0.00,
    quantity BIGINT NOT NULL DEFAULT 0
);
```

> To reduce the retail price of any items for which the markup is 30% or greater and of which you have fewer than one hundred in stock, you might try to use an UPDATE statement such as the one following, which uses a subquery in the WHERE clause. As shown here, this statement does not work:

为了降低任何标记为 30% 或更高，且库存不足 100 的商品的零售价格，可以尝试使用如下的 UPDATE 语句，该语句在 WHERE 子句中使用子查询。如下所示，这个语句不起作用:

```sql
mysql> UPDATE items
     > SET retail = retail * 0.9
     > WHERE id IN
     >     (SELECT id FROM items
     >         WHERE retail / wholesale >= 1.3 AND quantity > 100);
ERROR 1093 (HY000): You can't specify target table 'items' for update in FROM clause
```

> Instead, you can employ a multi-table update in which the subquery is moved into the list of tables to be updated, using an alias to reference it in the outermost WHERE clause, like this:

相反，可以使用一个多表更新，将子查询移动到要更新的表列表中，在最外层的 WHERE 子句中，使用一个别名引用它，像这样:

```sql
UPDATE items,
       (SELECT id FROM items
        WHERE id IN
            (SELECT id FROM items
             WHERE retail / wholesale >= 1.3 AND quantity < 100))
        AS discounted
SET items.retail = items.retail * 0.9
WHERE items.id = discounted.id;
```

> Because the optimizer tries by default to merge the derived table discounted into the outermost query block, this works only if you force materialization of the derived table. You can do this by setting the [derived_merge](https://dev.mysql.com/doc/refman/8.0/en/switchable-optimizations.html#optflag_derived-merge) flag of the [optimizer_switch](https://dev.mysql.com/doc/refman/8.0/en/server-system-variables.html#sysvar_optimizer_switch) system variable to off before running the update, or by using the [NO_MERGE](https://dev.mysql.com/doc/refman/8.0/en/optimizer-hints.html#optimizer-hints-table-level) optimizer hint, as shown here:

因为在默认情况下，优化器尝试将派生表合并到最外层的查询块中，所以只有在强制对派生表进行物化时，这种方法才有效。

在运行更新之前，你可以设置 optimizer_switch 系统变量的 derived_merge 标志为 off，或者使用 NO_MERGE 优化提示，如下所示:

```sql
UPDATE /*+ NO_MERGE(discounted) */ items,
       (SELECT id FROM items
        WHERE retail / wholesale >= 1.3 AND quantity < 100)
        AS discounted
    SET items.retail = items.retail * 0.9
    WHERE items.id = discounted.id;
```

> The advantage of using the optimizer hint in such a case is that it applies only within the query block where it is used, so that it is not necessary to change the value of optimizer_switch again after executing the UPDATE.

在这种情况下，使用优化器提示的优点是，它**只适用于使用它的查询块**，因此在执行 UPDATE 后不需要再次更改 optimizer_switch 的值。

> Another possibility is to rewrite the subquery so that it does not use IN or EXISTS, like this:

**另一种方法是重写子查询**，使它不使用 IN 或 EXISTS，像这样:

```sql
UPDATE items,
       (SELECT id, retail / wholesale AS markup, quantity FROM items)
       AS discounted
    SET items.retail = items.retail * 0.9
    WHERE discounted.markup >= 1.3
    AND discounted.quantity < 100
    AND items.id = discounted.id;
```

> In this case, the subquery is materialized by default rather than merged, so it is not necessary to disable merging of the derived table.

在这种情况下，子查询默认是物化的，而不是合并的，所以没有必要禁用派生表的合并。


----------------------------------------------------------------

```sql
mysql> select * from apps_bk;
+----+-------------+-------------------------+---------+
| id | app_name    | url                     | country |
+----+-------------+-------------------------+---------+
|  1 | QQ APP      | http://im.qq.com/       | CN      |
|  2 | 微博 APP    | http://weibo.com/       | CN      |
|  3 | 淘宝 APP    | https://www.taobao.com/ | CN      |
|  4 | meituan APP | http://www.meituan.com  | CN      |
+----+-------------+-------------------------+---------+

mysql> desc apps_bk;
+----------+--------------+------+-----+------------+----------------+
| Field    | Type         | Null | Key | Default    | Extra          |
+----------+--------------+------+-----+------------+----------------+
| id       | int          | NO   | PRI | NULL       | auto_increment |
| app_name | char(20)     | NO   |     | weixin APP |                |
| url      | varchar(255) | NO   |     |            |                |
| country  | char(10)     | NO   |     |            |                |
+----------+--------------+------+-----+------------+----------------+

-- SET 子句表示要修改哪些列以及应该给出的值。每个值可以作为表达式给出，或者通过关键字 DEFAULT 显式地将列设置为其默认值。
mysql> update apps_bk set app_name=default where id=4;
Query OK, 1 row affected (0.01 sec)
Rows matched: 1  Changed: 1  Warnings: 0

-- 更新后查看表
mysql> select * from apps_bk;
+----+------------+-------------------------+---------+
| id | app_name   | url                     | country |
+----+------------+-------------------------+---------+
|  1 | QQ APP     | http://im.qq.com/       | CN      |
|  2 | 微博 APP   | http://weibo.com/       | CN      |
|  3 | 淘宝 APP   | https://www.taobao.com/ | CN      |
|  4 | weixin APP | http://www.meituan.com  | CN      |
+----+------------+-------------------------+---------+

-- 如果 UPDATE 语句包含 ORDER BY 子句，则按照子句指定的顺序更新行。这在某些可能导致错误的情况下是有用的。
mysql> update apps_bk set id=id+1;
ERROR 1062 (23000): Duplicate entry '2' for key 'apps_bk.PRIMARY'

mysql> update apps_bk set id=id+1 order by id desc;
Query OK, 4 rows affected (0.02 sec)
Rows matched: 4  Changed: 4  Warnings: 0

mysql> select * from apps_bk;
+----+------------+-------------------------+---------+
| id | app_name   | url                     | country |
+----+------------+-------------------------+---------+
|  2 | QQ APP     | http://im.qq.com/       | CN      |
|  3 | 微博 APP   | http://weibo.com/       | CN      |
|  4 | 淘宝 APP   | https://www.taobao.com/ | CN      |
|  5 | weixin APP | http://www.meituan.com  | CN      |
+----+------------+-------------------------+---------+

-- 多表update
-- 根据上面的apps_bk和apps
mysql> select * from apps;
+----+-------------+-------------------------+---------+
| id | app_name    | url                     | country |
+----+-------------+-------------------------+---------+
|  1 | QQ APP      | http://im.qq.com/       | CN      |
|  2 | 微博 APP    | http://weibo.com/       | CN      |
|  3 | 淘宝 APP    | https://www.taobao.com/ | CN      |
|  4 | meituan APP | http://www.meituan.com  | CN      |
+----+-------------+-------------------------+---------+

mysql> update apps_bk,apps set apps_bk.app_name=apps.app_name where apps_bk.id=apps.id;
Query OK, 3 rows affected (0.02 sec)
Rows matched: 3  Changed: 3  Warnings: 0

mysql> select * from apps_bk;
+----+-------------+-------------------------+---------+
| id | app_name    | url                     | country |
+----+-------------+-------------------------+---------+
|  2 | 微博 APP    | http://im.qq.com/       | CN      |
|  3 | 淘宝 APP    | http://weibo.com/       | CN      |
|  4 | meituan APP | https://www.taobao.com/ | CN      |
|  5 | weixin APP  | http://www.meituan.com  | CN      |
+----+-------------+-------------------------+---------+
4 rows in set (0.00 sec)

-- 多表 UPDATE 语句可以使用 SELECT 语句中允许的任何类型的连接，比如左连接
mysql> update apps_bk a left join apps b on a.id=b.id set a.app_name=b.app_name where a.id>=3;
Query OK, 3 rows affected (0.01 sec)
Rows matched: 3  Changed: 3  Warnings: 0

mysql> select * from apps_bk;
+----+-------------+-------------------------+---------+
| id | app_name    | url                     | country |
+----+-------------+-------------------------+---------+
|  2 | QQ APP      | http://im.qq.com/       | CN      |
|  3 | 淘宝 APP    | http://weibo.com/       | CN      |
|  4 | meituan APP | https://www.taobao.com/ | CN      |
|  5 | NULL        | http://www.meituan.com  | CN      |
+----+-------------+-------------------------+---------+
```