# 12.20.03 MySQL Handling of GROUP BY

> SQL-92 and earlier does not permit queries for which the select list, HAVING condition, or ORDER BY list refer to nonaggregated columns that are not named in the GROUP BY clause. For example, this query is illegal in standard SQL-92 because the nonaggregated name column in the select list does not appear in the GROUP BY:

SQL-92 及更早版本不允许如下这种查询，即 select list、HAVING 条件或 ORDER BY list 引用的非聚合列，没有出现在 GROUP BY 子句。

```sql
SELECT o.custid, c.name, MAX(o.payment)
  FROM orders AS o, customers AS c
  WHERE o.custid = c.custid
  GROUP BY o.custid;
```

> For the query to be legal in SQL-92, the name column must be omitted from the select list or named in the GROUP BY clause.

> SQL:1999 and later permits such nonaggregates per optional feature T301 if they are functionally dependent on GROUP BY columns: If such a relationship exists between name and custid, the query is legal. This would be the case, for example, were custid a primary key of customers.

SQL:1999 及更新版本允许这种查询，**非聚合列功能上依赖 GROUP BY 列，如 name 和 custid(主键)的关系** ，这种是合法的。例如，如果 custid 是 customers 的主键，就是这种情况。

> MySQL implements detection of functional dependence. If the ONLY_FULL_GROUP_BY SQL mode is enabled (which it is by default), MySQL rejects queries for which the select list, HAVING condition, or ORDER BY list refer to nonaggregated columns that are neither named in the GROUP BY clause nor are functionally dependent on them.

MySQL 实现了功能依赖检测。**如果启用了 `ONLY_FULL_GROUP_BY` 模式(默认是开启的)，select list、HAVING 条件或 ORDER BY list 引用的非聚合列，既没有没有出现在 GROUP BY 子句，也没有功能上依赖它们 ，那么这种查询会执行失败。**

> MySQL also permits a nonaggregate column not named in a GROUP BY clause when SQL ONLY_FULL_GROUP_BY mode is enabled, provided that this column is limited to a single value, as shown in the following example:

**如果启用了 `ONLY_FULL_GROUP_BY` 模式，这列被限制成一个单个值，那么 MySQL 允许这个非聚合列不出现在 GROUP BY 子句：**

```sql
mysql> CREATE TABLE mytable (
    ->    id INT UNSIGNED NOT NULL PRIMARY KEY,
    ->    a VARCHAR(10),
    ->    b INT
    -> );

mysql> INSERT INTO mytable
    -> VALUES (1, 'abc', 1000),
    ->        (2, 'abc', 2000),
    ->        (3, 'def', 4000);

mysql> SET SESSION sql_mode = sys.list_add(@@session.sql_mode, 'ONLY_FULL_GROUP_BY');

mysql> SELECT a, SUM(b) FROM mytable WHERE a = 'abc';
+------+--------+
| a    | SUM(b) |
+------+--------+
| abc  |   3000 |
+------+--------+
```

> It is also possible to have more than one nonaggregate column in the SELECT list when employing ONLY_FULL_GROUP_BY. In this case, every such column must be limited to a single value in the WHERE clause, and all such limiting conditions must be joined by logical AND, as shown here:

当启用了 `ONLY_FULL_GROUP_BY` 模式，且**有多个非聚合列，那么就需要把每个非聚合列在 WHERE 子句中限制成一个单个值，用 AND 连接**：

```sql
mysql> DROP TABLE IF EXISTS mytable;

mysql> CREATE TABLE mytable (
    ->    id INT UNSIGNED NOT NULL PRIMARY KEY,
    ->    a VARCHAR(10),
    ->    b VARCHAR(10),
    ->    c INT
    -> );

mysql> INSERT INTO mytable
    -> VALUES (1, 'abc', 'qrs', 1000),
    ->        (2, 'abc', 'tuv', 2000),
    ->        (3, 'def', 'qrs', 4000),
    ->        (4, 'def', 'tuv', 8000),
    ->        (5, 'abc', 'qrs', 16000),
    ->        (6, 'def', 'tuv', 32000);

mysql> SELECT @@session.sql_mode;
+---------------------------------------------------------------+
| @@session.sql_mode                                            |
+---------------------------------------------------------------+
| ONLY_FULL_GROUP_BY,STRICT_TRANS_TABLES,NO_ENGINE_SUBSTITUTION |
+---------------------------------------------------------------+

mysql> SELECT a, b, SUM(c) FROM mytable
    ->     WHERE a = 'abc' AND b = 'qrs';
+------+------+--------+
| a    | b    | SUM(c) |
+------+------+--------+
| abc  | qrs  |  17000 |
+------+------+--------+
```
```sql
mysql> desc apps;
+----------+--------------+------+-----+---------+----------------+
| Field    | Type         | Null | Key | Default | Extra          |
+----------+--------------+------+-----+---------+----------------+
| id       | int          | NO   | PRI | NULL    | auto_increment |
| app_name | char(20)     | NO   |     |         |                |
| url      | varchar(255) | NO   |     |         |                |
| country  | char(10)     | NO   |     |         |                |
+----------+--------------+------+-----+---------+----------------+

mysql> select * from apps;
+----+-------------+-------------------------+---------+
| id | app_name    | url                     | country |
+----+-------------+-------------------------+---------+
|  1 | QQ APP      | http://im.qq.com/       | CN      |
|  2 | 微博 APP    | http://weibo.com/       | CN      |
|  3 | 淘宝 APP    | https://www.taobao.com/ | CN      |
|  4 | meituan APP | http://www.meituan.com  | CN      |
+----+-------------+-------------------------+---------+

-- 非聚合列功能上依赖 GROUP BY 列，id是主键
mysql> select app_name,count(url) from apps group by id;
+-------------+------------+
| app_name    | count(url) |
+-------------+------------+
| QQ APP      |          1 |
| 微博 APP    |          1 |
| 淘宝 APP    |          1 |
| meituan APP |          1 |
+-------------+------------+

mysql> select app_name,count(url) from apps group by country;
ERROR 1055 (42000): Expression #1 of SELECT list is not in GROUP BY clause and contains nonaggregated column 'users.apps.app_name' which is not functionally dependent on columns in GROUP BY clause; this is incompatible with sql_mode=only_full_group_by

-- 如果启用了 `ONLY_FULL_GROUP_BY` 模式，这列被限制成一个单个值，那么 MySQL 允许这个非聚合列不出现在 GROUP BY 子句
mysql> select app_name,count(url) from apps where app_name='QQ APP';
+----------+------------+
| app_name | count(url) |
+----------+------------+
| QQ APP   |          1 |
+----------+------------+

-- 当启用了 `ONLY_FULL_GROUP_BY` 模式，且有多个非聚合列，那么就需要把每个非聚合列在 WHERE 子句中限制成一个单个值，用 AND 连接
mysql> select app_name,country,count(url) from apps where app_name='QQ APP' and country='CN';
+----------+---------+------------+
| app_name | country | count(url) |
+----------+---------+------------+
| QQ APP   | CN      |          1 |
+----------+---------+------------+
```

> If ONLY_FULL_GROUP_BY is disabled, a MySQL extension to the standard SQL use of GROUP BY permits the select list, HAVING condition, or ORDER BY list to refer to nonaggregated columns even if the columns are not functionally dependent on GROUP BY columns. This causes MySQL to accept the preceding query. In this case, the server is free to choose any value from each group, so unless they are the same, the values chosen are nondeterministic, which is probably not what you want. Furthermore, the selection of values from each group cannot be influenced by adding an ORDER BY clause. Result set sorting occurs after values have been chosen, and ORDER BY does not affect which value within each group the server chooses. Disabling ONLY_FULL_GROUP_BY is useful primarily when you know that, due to some property of the data, all values in each nonaggregated column not named in the GROUP BY are the same for each group.

如果禁用了 `ONLY_FULL_GROUP_BY`，那么使用 GROUP BY 的 MySQL 语句允许 select list、HAVING 条件或 ORDER BY list 引用非聚合列，即使这些列在功能上并不依赖 GROUP BY 列。这将导致 MySQL 接受前面的查询。

在本例中，服务器可以自由地从每个组中选择任何值，因此除非它们相同，否则所选择的值是不确定的，这可能不是您想要的。

此外，添加一个 ORDER by 子句不会影响从每个组中选择值。排序结果集发生在选择值之后，ORDER BY 不影响服务器选择每个组中的哪个值。

当你知道由于数据的某些属性，每个没有在 GROUP BY 中指定的非聚合列中的所有值对于每个组都是相同的时，禁用 `ONLY_FULL_GROUP_BY` 是非常有用。

**可以通过使用 `ANY_VALUE()` 引用非聚合列，和不禁用 `ONLY_FULL_GROUP_BY` 来达到同样的效果。**

> You can achieve the same effect without disabling ONLY_FULL_GROUP_BY by using ANY_VALUE() to refer to the nonaggregated column.

> The following discussion demonstrates functional dependence, the error message MySQL produces when functional dependence is absent, and ways of causing MySQL to accept a query in the absence of functional dependence.

> This query might be invalid with ONLY_FULL_GROUP_BY enabled because the nonaggregated address column in the select list is not named in the GROUP BY clause:

下面将演示功能性依赖，当没有功能性依赖时 MySQL 产生的错误消息，以及在没有功能性依赖时使 MySQL 接受查询的方法。

启用 `ONLY_FULL_GROUP_BY` 时，此查询是无效的，因为 select list 中的非聚合 address 列没有在 GROUP BY 子句中指定:

```sql
SELECT name, address, MAX(age) FROM t GROUP BY name;
```

> The query is valid if name is a primary key of t or is a unique NOT NULL column. In such cases, MySQL recognizes that the selected column is functionally dependent on a grouping column. For example, if name is a primary key, its value determines the value of address because each group has only one value of the primary key and thus only one row. As a result, there is no randomness in the choice of address value in a group and no need to reject the query.

**如果 name 是 t 的主键，或是 unique NOT NULL 列，则查询有效。在这种情况下，MySQL 会识别选中的列在功能上依赖于分组列。**

例如，如果 name 是主键，因为每个组只有一个主键值，因此只有一行，所以 name 的值决定了 address 的值。

因此，在一个组中 address 值的选择不存在随机性，也不需要拒绝查询。

> The query is invalid if name is not a primary key of t or a unique NOT NULL column. In this case, no functional dependency can be inferred and an error occurs:

如果 name 不是 t 的主键或 unique NOT NULL 的列，则查询无效。在这种情况下，不能推断出任何功能性依赖关系，从而发生错误:

```sql
mysql> SELECT name, address, MAX(age) FROM t GROUP BY name;
ERROR 1055 (42000): Expression #2 of SELECT list is not in GROUP
BY clause and contains nonaggregated column 'mydb.t.address' which
is not functionally dependent on columns in GROUP BY clause; this
is incompatible with sql_mode=only_full_group_by
```

> If you know that, for a given data set, each name value in fact uniquely determines the address value, address is effectively functionally dependent on name. To tell MySQL to accept the query, you can use the ANY_VALUE() function:

对于给定的数据集，**每个 name 值都唯一地决定 address 值**，那么 address 实际上在功能上依赖于 name。为了让 MySQL 接受查询，可以使用 ANY_VALUE() 函数:

```sql
SELECT name, ANY_VALUE(address), MAX(age) FROM t GROUP BY name;
```

或者，禁用 `ONLY_FULL_GROUP_BY`

> Alternatively, disable ONLY_FULL_GROUP_BY.

> The preceding example is quite simple, however. In particular, it is unlikely you would group on a single primary key column because every group would contain only one row. For addtional examples demonstrating functional dependence in more complex queries, see [Section 12.20.4, “Detection of Functional Dependence”](https://dev.mysql.com/doc/refman/8.0/en/group-by-functional-dependence.html).

然而，前面的例子相当简单。特别是，**不太可能对单个主键列进行分组，因为每个组只包含一行**。有关在更复杂的查询中演示函数相关性的附加示例，请参阅12.20.4节“函数相关性的检测”。

> If a query has aggregate functions and no GROUP BY clause, it cannot have nonaggregated columns in the select list, HAVING condition, or ORDER BY list with ONLY_FULL_GROUP_BY enabled:

**如果一个查询有聚合函数而没有 GROUP BY 子句，且启用了 `ONLY_FULL_GROUP_BY`，那么在 select list、HAVING 条件或 ORDER BY list 中不有非聚合列**:

```sql
mysql> SELECT name, MAX(age) FROM t;
ERROR 1140 (42000): In aggregated query without GROUP BY, expression
#1 of SELECT list contains nonaggregated column 'mydb.t.name'; this
is incompatible with sql_mode=only_full_group_by
```

> Without GROUP BY, there is a single group and it is nondeterministic which name value to choose for the group. Here, too, ANY_VALUE() can be used, if it is immaterial which name value MySQL chooses:

如果没有 GROUP BY ，那么就只有一个组，则这个组选择哪个 name 值是不确定的。

此时，如果 MySQL 选择哪个 name 值无关紧要，那么可以使用 `ANY_VALUE()` ：

```sql
SELECT ANY_VALUE(name), MAX(age) FROM t;
```

> ONLY_FULL_GROUP_BY also affects handling of queries that use DISTINCT and ORDER BY. Consider the case of a table t with three columns c1, c2, and c3 that contains these rows:

**`ONLY_FULL_GROUP_BY` 也会影响使用 `DISTINCT and ORDER BY` 的查询的处理**。

考虑下列情况，表 t 包含 c1、c2、c3 三列：

    c1 c2 c3
	1  2  A
	3  4  B
	1  2  C

> Suppose that we execute the following query, expecting the results to be ordered by c3:

执行如下查询，期待使用 c3 排序：

```sql
SELECT DISTINCT c1, c2 FROM t ORDER BY c3;
```

> To order the result, duplicates must be eliminated first. But to do so, should we keep the first row or the third? This arbitrary choice influences the retained value of c3, which in turn influences ordering and makes it arbitrary as well. To prevent this problem, a query that has DISTINCT and ORDER BY is rejected as invalid if any ORDER BY expression does not satisfy at least one of these conditions:

**要对结果排序，必须首先消除重复项。但要这样做，我们应该保留第一行还是第三行？这个任意的选择会影响 c3 的保留值，这反过来又会影响排序，使它变得任意。**

为了防止这个问题，如果 ORDER BY 表达式不满足下列的至少一个条件，则具有 DISTINCT 和 ORDER BY 的查询将被视为无效的：

- 表达式和 select list 相同。

- 表达式引用的和属于查询的表的所有列是 select list 的元素。

```sql
mysql> select * from access_log;
+-----+---------+-------+------------+
| aid | site_id | count | date       |
+-----+---------+-------+------------+
|   1 |       1 |     3 | 2016-05-10 |
|   2 |       3 |     2 | 2016-05-13 |
|   3 |       1 |     5 | 2016-05-14 |
|   4 |       2 |     4 | 2016-05-14 |
|   5 |       5 |     4 | 2016-05-14 |
|   6 |       5 |     5 | 2016-05-12 |
|   6 |       1 |     1 | 9999-12-12 |
|   6 |       5 |     5 | 2016-05-12 |
+-----+---------+-------+------------+

mysql> select distinct aid,date from access_log order by aid,date;       
+-----+------------+
| aid | date       |
+-----+------------+
|   1 | 2016-05-10 |
|   2 | 2016-05-13 |
|   3 | 2016-05-14 |
|   4 | 2016-05-14 |
|   5 | 2016-05-14 |
|   6 | 2016-05-12 |
|   6 | 9999-12-12 |
+-----+------------+

mysql> select distinct aid,date from access_log order by aid desc;
+-----+------------+
| aid | date       |
+-----+------------+
|   6 | 2016-05-12 |
|   6 | 9999-12-12 |
|   5 | 2016-05-14 |
|   4 | 2016-05-14 |
|   3 | 2016-05-14 |
|   2 | 2016-05-13 |
|   1 | 2016-05-10 |
+-----+------------+
```

> The expression is equal to one in the select list

> All columns referenced by the expression and belonging to the query's selected tables are elements of the select list

> Another MySQL extension to standard SQL permits references in the HAVING clause to aliased expressions in the select list. For example, the following query returns name values that occur only once in table orders:

对标准 SQL 的另一个 MySQL 扩展是**允许 HAVING 子句中引用 select list 中的别名表达式**。例如，以下查询返回只在 orders 表中出现一次的 name 值:

```sql
SELECT name, COUNT(name) FROM orders
  GROUP BY name
  HAVING COUNT(name) = 1;
```

> The MySQL extension permits the use of an alias in the HAVING clause for the aggregated column:

MySQL 扩展允许在 HAVING 子句中使用聚合列的别名:

```sql
SELECT name, COUNT(name) AS c FROM orders
  GROUP BY name
  HAVING c = 1;
```

> Standard SQL permits only column expressions in GROUP BY clauses, so a statement such as this is invalid because FLOOR(value/100) is a noncolumn expression:

标准 SQL 只允许 GROUP BY 子句中的列表达式，所以这样的语句是无效的，因为 `FLOOR(value/100)`是一个非列表达式:

```sql
SELECT id, FLOOR(value/100)
  FROM tbl_name
  GROUP BY id, FLOOR(value/100);
```

MySQL 扩展了标准 SQL，**允许 GROUP BY 子句中的非列表达式**，并认为前面的语句是有效的。

> MySQL extends standard SQL to permit noncolumn expressions in GROUP BY clauses and considers the preceding statement valid.

> Standard SQL also does not permit aliases in GROUP BY clauses. MySQL extends standard SQL to permit aliases, so another way to write the query is as follows:

标准 SQL 也不**允许在 GROUP BY 子句中使用别名。MySQL** 扩展了标准 SQL 以允许别名，所以另一种写查询的方式如下:

```sql
SELECT id, FLOOR(value/100) AS val
  FROM tbl_name
  GROUP BY id, val;
```
别名 val 被认为是 GROUP BY 子句中的列表达式。

> The alias val is considered a column expression in the GROUP BY clause.

> In the presence of a noncolumn expression in the GROUP BY clause, MySQL recognizes equality between that expression and expressions in the select list. This means that with ONLY_FULL_GROUP_BY SQL mode enabled, the query containing GROUP BY id, FLOOR(value/100) is valid because that same FLOOR() expression occurs in the select list. However, MySQL does not try to recognize functional dependence on GROUP BY noncolumn expressions, so the following query is invalid with ONLY_FULL_GROUP_BY enabled, even though the third selected expression is a simple formula of the id column and the FLOOR() expression in the GROUP BY clause:

**在 GROUP BY 子句中出现非列表达式时，MySQL 会识别该表达式与 select list 中的表达式相等关系**。这意味着启用 `ONLY_FULL_GROUP_BY` 模式时，包含 `GROUP BY id`、`FLOOR(value/100)` 的查询是有效的，因为在 select list 中出现了相同的 FLOOR() 表达式。

然而，**MySQL 不尝试识别 GROUP BY 非列表达式上的功能性依赖**，所以启用了 `ONLY_FULL_GROUP_BY`，下面的查询是无效的，即使第三个的表达式是 GROUP BY 子句中的 id 列和 FLOOR() 表达式的简单组合:

```sql
SELECT id, FLOOR(value/100), id+FLOOR(value/100)
  FROM tbl_name
  GROUP BY id, FLOOR(value/100);
```

> A workaround is to use a derived table:

上述问题可以使用派生表：

```sql
SELECT id, F, id+F
  FROM
    (SELECT id, FLOOR(value/100) AS F
     FROM tbl_name
     GROUP BY id, FLOOR(value/100)) AS dt;
```