# 13.02.11.03 Subqueries with ANY, IN, or SOME

语法:

	operand comparison_operator ANY (subquery)
	operand IN (subquery)
	operand comparison_operator SOME (subquery)

<font color="grey">Where comparison_operator is one of these operators:</font>

comparison_operator 是如下几种：

	=  >  <  >=  <=  <>  !=

<font color="grey">The ANY keyword, which must follow a comparison operator, means “return TRUE if the comparison is TRUE for ANY of the values in the column that the subquery returns.” For example:</font>

ANY 必须在一个比较操作符后，表示：如果和子查询返回的任意值的比较结果是 TRUE，就返回TRUE：

```sql
SELECT s1 FROM t1 WHERE s1 > ANY (SELECT s1 FROM t2);
```

如果表 t1 有一行数据包含了 (10)，如果表 t2 包含了 (21,14,7)，表达式就是 TRUE，因为 t2 中的 7 是小于 10 的。

如果表 t2 包含了 (20,10)，或是空，表达式就是 FALSE。

如果表 t2 包含了 (NULL,NULL,NULL)，表达式就是未知(即 NULL)。

<font color="grey">Suppose that there is a row in table t1 containing (10). The expression is TRUE if table t2 contains (21,14,7) because there is a value 7 in t2 that is less than 10. The expression is FALSE if table t2 contains (20,10), or if table t2 is empty. The expression is unknown (that is, NULL) if table t2 contains (NULL,NULL,NULL).</font>

<font color="grey">When used with a subquery, the word IN is an alias for = ANY. Thus, these two statements are the same:</font>

当使用一个子查询，IN 等同于 `= ANY`：

```sql
SELECT s1 FROM t1 WHERE s1 = ANY (SELECT s1 FROM t2);
SELECT s1 FROM t1 WHERE s1 IN    (SELECT s1 FROM t2);
```
当与表达式列表一起使用时，IN 和 `= ANY` 不是同义词。IN 可以取一个表达式列表，但`= ANY`不能。 

NOT IN 不等同于 `<> ANY` ，但等同于 `<> ALL`

<font color="grey">IN and = ANY are not synonyms when used with an expression list. IN can take an expression list, but = ANY cannot. See [Section 12.4.2, “Comparison Functions and Operators”](https://dev.mysql.com/doc/refman/8.0/en/comparison-operators.html).</font>

<font color="grey">NOT IN is not an alias for <> ANY, but for <> ALL. See [Section 13.2.11.4, “Subqueries with ALL”](https://dev.mysql.com/doc/refman/8.0/en/all-subqueries.html).</font>

<font color="grey">The word SOME is an alias for ANY. Thus, these two statements are the same:</font>

SOME 等同于 ANY:

```sql
SELECT s1 FROM t1 WHERE s1 <> ANY  (SELECT s1 FROM t2);
SELECT s1 FROM t1 WHERE s1 <> SOME (SELECT s1 FROM t2);
```

SOME 使用的比较少，但这个例子展示了它为什么可能有用:

对大多数人来说，"a is not equal to any b" means "there is no b which is equal to a"，但这不是 SQL 语法表达的意思，该语法的意思是 "there is some b to which a is not equal."。相反，使用 `<> SOME` 可以帮助确保每个人都理解查询的真正含义。

<font color="grey">Use of the word SOME is rare, but this example shows why it might be useful. To most people, the English phrase “a is not equal to any b” means “there is no b which is equal to a,” but that is not what is meant by the SQL syntax. The syntax means “there is some b to which a is not equal.” Using <> SOME instead helps ensure that everyone understands the true meaning of the query.</font>

<font color="grey">Beginning with MySQL 8.0.19, you can use TABLE in a scalar IN, ANY, or SOME subquery provided the table contains only a single column. If t2 has only one column, the statements shown previously in this section can be written as shown here, in each case substituting TABLE t2 for SELECT s1 FROM t2:</font>

从 MySQL 8.0.19 开始，只要表只包含一列，就可以在标量 IN 、 ANY 或 SOME 子查询中使用 TABLE 。

如果 t2 只有一列，那么本节前面所示的语句可以写成如下形式，每一种情况下，用 TABLE t2 替换 `SELECT s1 FROM t2`:

```sql
SELECT s1 FROM t1 WHERE s1 > ANY (TABLE t2);

SELECT s1 FROM t1 WHERE s1 = ANY (TABLE t2);

SELECT s1 FROM t1 WHERE s1 IN (TABLE t2);

SELECT s1 FROM t1 WHERE s1 <> ANY  (TABLE t2);

SELECT s1 FROM t1 WHERE s1 <> SOME (TABLE t2);
```

-----------------------------------------

```sql
mysql> select * from access_log;
+-----+---------+-------+------------+
| aid | site_id | count | date       |
+-----+---------+-------+------------+
|   1 |       1 |     3 | 2016-05-10 |
|   2 |       3 |     2 | 2016-05-13 |
|   3 |       1 |     5 | 2016-05-14 |
|   4 |       2 |     4 | 2016-05-14 |
|   5 |       5 |     4 | 2016-05-14 |
|   6 |       5 |     5 | 2016-05-12 |
|   6 |       1 |     1 | 9999-12-12 |
|   6 |       5 |     5 | 2016-05-12 |
+-----+---------+-------+------------+
8 rows in set (0.00 sec)

mysql> select * from apps;
+----+-------------+-------------------------+---------+
| id | app_name    | url                     | country |
+----+-------------+-------------------------+---------+
|  1 | QQ APP      | http://im.qq.com/       | CN      |
|  2 | 微博 APP    | http://weibo.com/       | CN      |
|  3 | 淘宝 APP    | https://www.taobao.com/ | CN      |
|  4 | meituan APP | http://www.meituan.com  | CN      |
+----+-------------+-------------------------+---------+
4 rows in set (0.00 sec)

-- 当使用一个子查询，IN 等同于 `= ANY`：
mysql> select app_name from apps where id = ANY (select site_id from access_log); 
+------------+
| app_name   |
+------------+
| QQ APP     |
| 微博 APP   |
| 淘宝 APP   |
+------------+
3 rows in set (0.01 sec)

mysql> select app_name from apps where id in (select site_id from access_log);     
+------------+
| app_name   |
+------------+
| QQ APP     |
| 微博 APP   |
| 淘宝 APP   |
+------------+
3 rows in set (0.00 sec)

-- 当与表达式列表一起使用时，IN 和 `= ANY` 不是同义词。
mysql> select app_name from apps where id = ANY (1,2);
ERROR 1064 (42000): You have an error in your SQL syntax; check the manual that corresponds to your MySQL server version for the right syntax to use near '1,2)' at line 1
mysql> select app_name from apps where id in (1,2);       
+------------+
| app_name   |
+------------+
| QQ APP     |
| 微博 APP   |
+------------+
2 rows in set (0.00 sec)

-- NOT IN 不等同于 `<> ANY` ，但等同于 `<> ALL`
mysql> select app_name from apps where id not in (select site_id from access_log);
+-------------+
| app_name    |
+-------------+
| meituan APP |
+-------------+
1 row in set (0.00 sec)

mysql> select app_name from apps where id <> any (select site_id from access_log);      
+-------------+
| app_name    |
+-------------+
| QQ APP      |
| 微博 APP    |
| 淘宝 APP    |
| meituan APP |
+-------------+
4 rows in set (0.00 sec)

mysql> select app_name from apps where id <> all (select site_id from access_log);   
+-------------+
| app_name    |
+-------------+
| meituan APP |
+-------------+
1 row in set (0.00 sec)

-- SOME 等同于 ANY
mysql> select app_name from apps where id = Some (select site_id from access_log);   
+------------+
| app_name   |
+------------+
| QQ APP     |
| 微博 APP   |
| 淘宝 APP   |
+------------+
3 rows in set (0.00 sec)

mysql> select app_name from apps where id <> Some (select site_id from access_log); 
+-------------+
| app_name    |
+-------------+
| QQ APP      |
| 微博 APP    |
| 淘宝 APP    |
| meituan APP |
+-------------+
4 rows in set (0.00 sec)
```